AttributeValue,AttributeType,ID,Date
SKU-567757543532,Item_ID,R45764646,06-09-2014
14.15,Item_Cost,R45764646,06-09-2014
SKU-234294242942,Item_ID,S23424242,10-12-2015
67.9,Item_Cost,S23424242,10-12-2015
UR-AR-243123-ST,Item_ID,S23424242,08-09-2015
245.67,Item_Cost,S23424242,08-09-2015
