bob,coffee,1,1.9249999999999998,0.35,3.5
bob,donut,1,0.8124999999999999,0.45,1.5
alice,cookie,1,0.7,0.6,0.8
alice,tea,1,1.2633333333333334,0.3,1.99
bob,cofee,1,2.05,2.05,2.05