bob	coffee	coffee	1.575	2.480625	bob, bob	12.3725
bob	donut	donut	0.4188899020029012	0.17546875000000017	bob, bob, bob, bob	3.3425000000000002
alice	cookie	cookie	0.10000000000000032	0.010000000000000064	alice, alice	1.0
alice	tea	tea	0.7099452248041551	0.5040222222222224	alice, alice, alice	6.3001000000000005
bob	cofee	cofee	0.0	0.0	bob	4.2025