1,Douglas,Williams,1, Vista Montana,San Jose,CA,95134,408-777-3214,1,donut,0.8
1,Douglas,Williams,1, Vista Montana,San Jose,CA,95134,408-777-3214,1,coffee,2.05
3,Hugh,Jackman,5, Cool Way,Manhattan,NY,67263,708-234-2168,3,tea,1.99
5,Frank,Underwood,1609 Far St.,San Diego,CA,29770,201-506-8756,5,cookie,0.5
2,David,Johnson,3, Baypointe Parkway,Houston,TX,78970,804-777-2341,2,donut,1.5
2,David,Johnson,3, Baypointe Parkway,Houston,TX,78970,804-777-2341,2,plate,0.5