bob,donut,eat
bob,coffee,drink
bob,coffee,buy
bob,donut,buy