EmployeeDepartment,Employeename,Salary,workhours,errorMessage,errorCode,errorEmitterNode
Plumber,Surya,10000,3,workhours < 9  (ecode: 1, directive: send-to-error),1,Wrangler
Plumber,Sahil,70000,5,workhours < 9  (ecode: 1, directive: send-to-error),1,Wrangler
Plumber,Waugh,10000,6,workhours < 9  (ecode: 1, directive: send-to-error),1,Wrangler
Plumber,Steve,10000,7,workhours < 9  (ecode: 1, directive: send-to-error),1,Wrangler
Plumber,Smith,20000,8,workhours < 9  (ecode: 1, directive: send-to-error),1,Wrangler
Electrician,Ragini,30000,2,workhours < 9  (ecode: 1, directive: send-to-error),1,Wrangler
Electrician,James,80000,10,Salary > 40000  (ecode: 1, directive: send-to-error),1,Wrangler
