bob	coffee	3.85	2
bob	donut	3.25	4
alice	cookie	1.4	2
alice	tea	3.79	3
bob	cofee	2.05	1