1,alice,donut,1,alice
3,bob,water,3,bob
2,,coffee,2,