1,Tom,Cruise,https://jsonformatter.org/img/tom-cruise.jpg,gs://cdf-athena-test/testoutputfield.csv,file:/tmp/hydrator-plugins/hydrator-plugins/plugin/core-plugins/target/test-classes/testdata/file/PATHFIELD_TEST.csv
2,Maria,Sharapova,https://jsonformatter.org/img/Maria-Sharapova.jpg,gs://cdf-athena-test/testoutputfield.csv,file:/tmp/hydrator-plugins/hydrator-plugins/plugin/core-plugins/target/test-classes/testdata/file/PATHFIELD_TEST.csv
3,Robert,Downey Jr,https://jsonformatter.org/img/Robert-Downey-Jr.jpg,gs://cdf-athena-test/testoutputfield.csv,file:/tmp/hydrator-plugins/hydrator-plugins/plugin/core-plugins/target/test-classes/testdata/file/PATHFIELD_TEST.csv
